// Jest Snapshot v1, https://goo.gl/fbAQLP

exports[`<Link /> should match snapshot 1`] = `
<div>
  <Styled(Component)
    theme={
      Object {
        "background": "rgba(255,255,255,1)",
        "backgroundVariant": "rgba(251,249,249,1)",
        "border": "rgba(58,52,51,0.12)",
        "borderLight": "rgba(58,52,51,0.05)",
        "primary": "rgba(215,113,88,1)",
        "text": "rgba(58,52,51,1)",
        "textSecondary": "rgba(58,52,51,0.7)",
      }
    }
    to="/test"
  >
    HeaderLink
  </Styled(Component)>
</div>
`;
