// Jest Snapshot v1, https://goo.gl/fbAQLP

exports[`<A /> shoudl match snapshot 1`] = `[Function]`;
