// Jest Snapshot v1, https://goo.gl/fbAQLP

exports[`<Nav /> should match the snapshot 1`] = `
<Nav__MenuWrapper>
  <ul
    className="main-menu large-screen close"
  >
    <li
      className="menu-item"
    >
      <mockConstructor
        className="menu-itm-link "
        onClick={[Function]}
        to="?categories=new"
      >
        New Games
      </mockConstructor>
    </li>
    <li
      className="menu-item"
    >
      <mockConstructor
        className="menu-itm-link "
        onClick={[Function]}
        to="?categories=top"
      >
        Top Games
      </mockConstructor>
    </li>
    <li
      className="menu-item"
    >
      <mockConstructor
        className="menu-itm-link "
        onClick={[Function]}
        to="?categories=slots"
      >
        Slots
      </mockConstructor>
    </li>
    <li
      className="menu-item"
    >
      <mockConstructor
        className="menu-itm-link "
        onClick={[Function]}
        to="?categories=jackpots"
      >
        Jackpots
      </mockConstructor>
    </li>
    <li
      className="menu-item"
    >
      <mockConstructor
        className="menu-itm-link "
        onClick={[Function]}
        to="?categories=live"
      >
        Live
      </mockConstructor>
    </li>
    <li
      className="menu-item"
    >
      <mockConstructor
        className="menu-itm-link "
        onClick={[Function]}
        to="?categories=blackjack"
      >
        Blackjack
      </mockConstructor>
    </li>
    <li
      className="menu-item"
    >
      <mockConstructor
        className="menu-itm-link "
        onClick={[Function]}
        to="?categories=roulette"
      >
        Roulette
      </mockConstructor>
    </li>
    <li
      className="menu-item"
    >
      <mockConstructor
        className="menu-itm-link "
        onClick={[Function]}
        to="?categories=table"
      >
        Table
      </mockConstructor>
    </li>
    <li
      className="menu-item"
    >
      <mockConstructor
        className="menu-itm-link "
        onClick={[Function]}
        to="?categories=poker"
      >
        Poker
      </mockConstructor>
    </li>
    <li
      className="menu-item"
    >
      <mockConstructor
        className="menu-itm-link "
        onClick={[Function]}
        to="?categories=other"
      >
        Other
      </mockConstructor>
    </li>
  </ul>
  <div
    className="header-mobile m-aligner-right"
  >
    <span
      className="mobile-menu-btn open"
      onClick={[Function]}
    >
      <svg
        fill="none"
        height="20"
        viewBox="0 0 20 20"
        width="20"
        xmlns="http://www.w3.org/2000/svg"
      >
        <path
          d="M1.66663 4.16666V5.83332H18.3333V4.16666H1.66663ZM1.66663 9.16666V10.8333H18.3333V9.16666H1.66663ZM1.66663 14.1667V15.8333H18.3333V14.1667H1.66663Z"
          fill="white"
        />
      </svg>
    </span>
  </div>
</Nav__MenuWrapper>
`;
